Release 14.7 - xst P.20131013 (nt64)
Copyright (c) 1995-2013 Xilinx, Inc.  All rights reserved.
--> Parameter TMPDIR set to xst/projnav.tmp


Total REAL time to Xst completion: 0.00 secs
Total CPU time to Xst completion: 0.15 secs
 
--> Parameter xsthdpdir set to xst


Total REAL time to Xst completion: 0.00 secs
Total CPU time to Xst completion: 0.15 secs
 
--> Reading design: ControllerTest_TOP.prj

TABLE OF CONTENTS
  1) Synthesis Options Summary
  2) HDL Parsing
  3) HDL Elaboration
  4) HDL Synthesis
       4.1) HDL Synthesis Report
  5) Advanced HDL Synthesis
       5.1) Advanced HDL Synthesis Report
  6) Low Level Synthesis
  7) Partition Report
  8) Design Summary
       8.1) Primitive and Black Box Usage
       8.2) Device utilization summary
       8.3) Partition Resource Summary
       8.4) Timing Report
            8.4.1) Clock Information
            8.4.2) Asynchronous Control Signals Information
            8.4.3) Timing Summary
            8.4.4) Timing Details
            8.4.5) Cross Clock Domains Report


=========================================================================
*                      Synthesis Options Summary                        *
=========================================================================
---- Source Parameters
Input File Name                    : "ControllerTest_TOP.prj"
Ignore Synthesis Constraint File   : NO

---- Target Parameters
Output File Name                   : "ControllerTest_TOP"
Output Format                      : NGC
Target Device                      : xc6slx9-3-tqg144

---- Source Options
Top Module Name                    : ControllerTest_TOP
Automatic FSM Extraction           : YES
FSM Encoding Algorithm             : Auto
Safe Implementation                : No
FSM Style                          : LUT
RAM Extraction                     : Yes
RAM Style                          : Auto
ROM Extraction                     : Yes
Shift Register Extraction          : YES
ROM Style                          : Auto
Resource Sharing                   : YES
Asynchronous To Synchronous        : NO
Shift Register Minimum Size        : 2
Use DSP Block                      : Auto
Automatic Register Balancing       : No

---- Target Options
LUT Combining                      : Auto
Reduce Control Sets                : Auto
Add IO Buffers                     : YES
Global Maximum Fanout              : 100000
Add Generic Clock Buffer(BUFG)     : 16
Register Duplication               : YES
Optimize Instantiated Primitives   : NO
Use Clock Enable                   : Auto
Use Synchronous Set                : Auto
Use Synchronous Reset              : Auto
Pack IO Registers into IOBs        : Auto
Equivalent register Removal        : YES

---- General Options
Optimization Goal                  : Speed
Optimization Effort                : 1
Power Reduction                    : NO
Keep Hierarchy                     : No
Netlist Hierarchy                  : As_Optimized
RTL Output                         : Yes
Global Optimization                : AllClockNets
Read Cores                         : YES
Write Timing Constraints           : NO
Cross Clock Analysis               : NO
Hierarchy Separator                : /
Bus Delimiter                      : <>
Case Specifier                     : Maintain
Slice Utilization Ratio            : 100
BRAM Utilization Ratio             : 100
DSP48 Utilization Ratio            : 100
Auto BRAM Packing                  : NO
Slice Utilization Ratio Delta      : 5

=========================================================================


=========================================================================
*                          HDL Parsing                                  *
=========================================================================
Parsing VHDL file "H:\Gm's repository\DIGITAL_SYSTEM_FUNDAMENTALS_PROJECT_ASSIGNMENT\debounce.vhd" into library work
Parsing entity <debounce>.
Parsing architecture <logic> of entity <debounce>.
Parsing VHDL file "H:\Gm's repository\DIGITAL_SYSTEM_FUNDAMENTALS_PROJECT_ASSIGNMENT\Rx_controller.vhd" into library work
Parsing entity <Rx_controller>.
Parsing architecture <behave> of entity <rx_controller>.
Parsing VHDL file "H:\Gm's repository\DIGITAL_SYSTEM_FUNDAMENTALS_PROJECT_ASSIGNMENT\Rx.vhd" into library work
Parsing entity <Rx>.
Parsing architecture <behave> of entity <rx>.
Parsing VHDL file "H:\Gm's repository\DIGITAL_SYSTEM_FUNDAMENTALS_PROJECT_ASSIGNMENT\ps2_keyboard.vhd" into library work
Parsing entity <ps2_keyboard>.
Parsing architecture <logic> of entity <ps2_keyboard>.
Parsing VHDL file "H:\Gm's repository\DIGITAL_SYSTEM_FUNDAMENTALS_PROJECT_ASSIGNMENT\Fifo.vhd" into library work
Parsing entity <fifo>.
INFO:HDLCompiler:1676 - "H:\Gm's repository\DIGITAL_SYSTEM_FUNDAMENTALS_PROJECT_ASSIGNMENT\Fifo.vhd" Line 10. declaration of a buffer port will make it difficult for you to validate this design by simulation. It is preferable to declare it as output
Parsing architecture <behave> of entity <fifo>.
Parsing VHDL file "H:\Gm's repository\DIGITAL_SYSTEM_FUNDAMENTALS_PROJECT_ASSIGNMENT\tx.vhd" into library work
Parsing entity <Tx>.
Parsing architecture <behave> of entity <tx>.
Parsing VHDL file "H:\Gm's repository\DIGITAL_SYSTEM_FUNDAMENTALS_PROJECT_ASSIGNMENT\Rx_top.vhd" into library work
Parsing entity <Rx_top>.
Parsing architecture <structure> of entity <rx_top>.
INFO:HDLCompiler:1676 - "H:\Gm's repository\DIGITAL_SYSTEM_FUNDAMENTALS_PROJECT_ASSIGNMENT\Rx_top.vhd" Line 46. declaration of a buffer port will make it difficult for you to validate this design by simulation. It is preferable to declare it as output
Parsing VHDL file "H:\Gm's repository\DIGITAL_SYSTEM_FUNDAMENTALS_PROJECT_ASSIGNMENT\ps2_keyboard_to_ascii.vhd" into library work
Parsing entity <ps2_keyboard_to_ascii>.
Parsing architecture <behavior> of entity <ps2_keyboard_to_ascii>.
Parsing VHDL file "H:\Gm's repository\DIGITAL_SYSTEM_FUNDAMENTALS_PROJECT_ASSIGNMENT\memory.vhd" into library work
Parsing entity <memory>.
Parsing architecture <behave> of entity <memory>.
Parsing VHDL file "H:\Gm's repository\DIGITAL_SYSTEM_FUNDAMENTALS_PROJECT_ASSIGNMENT\lcd_controller.vhd" into library work
Parsing entity <lcd_controller>.
Parsing architecture <controller> of entity <lcd_controller>.
Parsing VHDL file "H:\Gm's repository\DIGITAL_SYSTEM_FUNDAMENTALS_PROJECT_ASSIGNMENT\get_command.vhd" into library work
Parsing entity <get_command>.
Parsing architecture <behave> of entity <get_command>.
Parsing VHDL file "H:\Gm's repository\DIGITAL_SYSTEM_FUNDAMENTALS_PROJECT_ASSIGNMENT\clkgen.vhd" into library work
Parsing entity <clkgen>.
Parsing architecture <behave> of entity <clkgen>.
Parsing VHDL file "H:\Gm's repository\DIGITAL_SYSTEM_FUNDAMENTALS_PROJECT_ASSIGNMENT\ControllerTest_TOP.vhd" into library work
Parsing entity <ControllerTest_TOP>.
Parsing architecture <Behavioral> of entity <controllertest_top>.
WARNING:HDLCompiler:946 - "H:\Gm's repository\DIGITAL_SYSTEM_FUNDAMENTALS_PROJECT_ASSIGNMENT\ControllerTest_TOP.vhd" Line 177: Actual for formal port reset_n is neither a static name nor a globally static expression

=========================================================================
*                            HDL Elaboration                            *
=========================================================================

Elaborating entity <ControllerTest_TOP> (architecture <Behavioral>) from library <work>.

Elaborating entity <clkgen> (architecture <behave>) from library <work>.

Elaborating entity <Rx_top> (architecture <structure>) from library <work>.

Elaborating entity <Rx> (architecture <behave>) from library <work>.
WARNING:HDLCompiler:92 - "H:\Gm's repository\DIGITAL_SYSTEM_FUNDAMENTALS_PROJECT_ASSIGNMENT\Rx.vhd" Line 57: enable_data_valid should be on the sensitivity list of the process
WARNING:HDLCompiler:92 - "H:\Gm's repository\DIGITAL_SYSTEM_FUNDAMENTALS_PROJECT_ASSIGNMENT\Rx.vhd" Line 66: enable_data_valid should be on the sensitivity list of the process
WARNING:HDLCompiler:92 - "H:\Gm's repository\DIGITAL_SYSTEM_FUNDAMENTALS_PROJECT_ASSIGNMENT\Rx.vhd" Line 91: transmit_done should be on the sensitivity list of the process
WARNING:HDLCompiler:92 - "H:\Gm's repository\DIGITAL_SYSTEM_FUNDAMENTALS_PROJECT_ASSIGNMENT\Rx.vhd" Line 94: bit_number should be on the sensitivity list of the process
WARNING:HDLCompiler:92 - "H:\Gm's repository\DIGITAL_SYSTEM_FUNDAMENTALS_PROJECT_ASSIGNMENT\Rx.vhd" Line 104: bit_number should be on the sensitivity list of the process

Elaborating entity <fifo> (architecture <behave>) from library <work>.

Elaborating entity <Rx_controller> (architecture <behave>) from library <work>.

Elaborating entity <get_command> (architecture <behave>) from library <work>.
WARNING:HDLCompiler:92 - "H:\Gm's repository\DIGITAL_SYSTEM_FUNDAMENTALS_PROJECT_ASSIGNMENT\get_command.vhd" Line 63: address_register should be on the sensitivity list of the process
WARNING:HDLCompiler:92 - "H:\Gm's repository\DIGITAL_SYSTEM_FUNDAMENTALS_PROJECT_ASSIGNMENT\get_command.vhd" Line 68: address_register should be on the sensitivity list of the process
WARNING:HDLCompiler:92 - "H:\Gm's repository\DIGITAL_SYSTEM_FUNDAMENTALS_PROJECT_ASSIGNMENT\get_command.vhd" Line 69: data_register should be on the sensitivity list of the process
WARNING:HDLCompiler:634 - "H:\Gm's repository\DIGITAL_SYSTEM_FUNDAMENTALS_PROJECT_ASSIGNMENT\get_command.vhd" Line 29: Net <address_register[5]> does not have a driver.

Elaborating entity <memory> (architecture <behave>) from library <work>.
WARNING:HDLCompiler:92 - "H:\Gm's repository\DIGITAL_SYSTEM_FUNDAMENTALS_PROJECT_ASSIGNMENT\memory.vhd" Line 58: main_memory should be on the sensitivity list of the process
WARNING:HDLCompiler:92 - "H:\Gm's repository\DIGITAL_SYSTEM_FUNDAMENTALS_PROJECT_ASSIGNMENT\memory.vhd" Line 61: data_in should be on the sensitivity list of the process

Elaborating entity <Tx> (architecture <behave>) from library <work>.

Elaborating entity <lcd_controller> (architecture <controller>) from library <work>.

Elaborating entity <ps2_keyboard_to_ascii> (architecture <behavior>) with generics from library <work>.

Elaborating entity <ps2_keyboard> (architecture <logic>) with generics from library <work>.

Elaborating entity <debounce> (architecture <logic>) with generics from library <work>.
WARNING:HDLCompiler:1127 - "H:\Gm's repository\DIGITAL_SYSTEM_FUNDAMENTALS_PROJECT_ASSIGNMENT\ControllerTest_TOP.vhd" Line 256: Assignment to txsend ignored, since the identifier is never used
WARNING:HDLCompiler:1127 - "H:\Gm's repository\DIGITAL_SYSTEM_FUNDAMENTALS_PROJECT_ASSIGNMENT\ControllerTest_TOP.vhd" Line 257: Assignment to txdata ignored, since the identifier is never used
WARNING:HDLCompiler:634 - "H:\Gm's repository\DIGITAL_SYSTEM_FUNDAMENTALS_PROJECT_ASSIGNMENT\ControllerTest_TOP.vhd" Line 104: Net <reset> does not have a driver.
ERROR:HDLCompiler:1401 - "H:\Gm's repository\DIGITAL_SYSTEM_FUNDAMENTALS_PROJECT_ASSIGNMENT\ControllerTest_TOP.vhd" Line 197: Signal isSend in unit ControllerTest_TOP is connected to following multiple drivers:
Driver 0: output signal isSend of instance Flip-Flop (isSend).
Driver 1: output signal isSend of instance Flip-Flop (_i000260).
ERROR:HDLCompiler:1401 - "H:\Gm's repository\DIGITAL_SYSTEM_FUNDAMENTALS_PROJECT_ASSIGNMENT\ControllerTest_TOP.vhd" Line 158: Signal txSendBuffer in unit ControllerTest_TOP is connected to following multiple drivers:
Driver 0: output signal txSendBuffer of instance Flip-Flop (txSendBuffer).
Driver 1: Memory16X8/send driven by output signal pstate[0] of instance Flip-flop (Memory16X8).
Driver 0: output signal txDataBuffer[7] of instance Flip-flop (txDataBuffer).
Driver 1: Memory16X8/Data_out[7] driven by output signal Data_out[7] of instance Latch (Memory16X8).
Driver 0: output signal txDataBuffer[6] of instance Flip-flop (txDataBuffer).
Driver 1: Memory16X8/Data_out[6] driven by output signal Data_out[6] of instance Latch (Memory16X8).
Driver 0: output signal txDataBuffer[5] of instance Flip-flop (txDataBuffer).
Driver 1: Memory16X8/Data_out[5] driven by output signal Data_out[5] of instance Latch (Memory16X8).
Driver 0: output signal txDataBuffer[4] of instance Flip-flop (txDataBuffer).
Driver 1: Memory16X8/Data_out[4] driven by output signal Data_out[4] of instance Latch (Memory16X8).
Driver 0: output signal txDataBuffer[3] of instance Flip-flop (txDataBuffer).
Driver 1: Memory16X8/Data_out[3] driven by output signal Data_out[3] of instance Latch (Memory16X8).
Driver 0: output signal txDataBuffer[2] of instance Flip-flop (txDataBuffer).
Driver 1: Memory16X8/Data_out[2] driven by output signal Data_out[2] of instance Latch (Memory16X8).
Driver 0: output signal txDataBuffer[1] of instance Flip-flop (txDataBuffer).
Driver 1: Memory16X8/Data_out[1] driven by output signal Data_out[1] of instance Latch (Memory16X8).
Driver 0: output signal txDataBuffer[0] of instance Flip-flop (txDataBuffer).
Driver 1: Memory16X8/Data_out[0] driven by output signal Data_out[0] of instance Latch (Memory16X8).
--> 

Total memory usage is 4465480 kilobytes

Number of errors   :    2 (   0 filtered)
Number of warnings :   15 (   0 filtered)
Number of infos    :    0 (   0 filtered)

